=============================================
Dataset: Epilepsy
Method:  TS-TCC
Mode:    supervised
=============================================
Data loaded ...
Training started ....

Epoch : 1
Train Loss     : 0.1880	 | 	Train Accuracy     : 0.9302
Valid Loss     : 0.6115	 | 	Valid Accuracy     : 0.8555

Epoch : 2
Train Loss     : 0.1387	 | 	Train Accuracy     : 0.9502
Valid Loss     : 0.2747	 | 	Valid Accuracy     : 0.9219

Epoch : 3
Train Loss     : 0.1215	 | 	Train Accuracy     : 0.9548
Valid Loss     : 0.2125	 | 	Valid Accuracy     : 0.9386

Epoch : 4
Train Loss     : 0.1096	 | 	Train Accuracy     : 0.9605
Valid Loss     : 0.1855	 | 	Valid Accuracy     : 0.9436

Epoch : 5
Train Loss     : 0.0984	 | 	Train Accuracy     : 0.9642
Valid Loss     : 0.2246	 | 	Valid Accuracy     : 0.9431

Epoch : 6
Train Loss     : 0.0928	 | 	Train Accuracy     : 0.9663
Valid Loss     : 0.1492	 | 	Valid Accuracy     : 0.9487

Epoch : 7
Train Loss     : 0.0826	 | 	Train Accuracy     : 0.9692
Valid Loss     : 0.2419	 | 	Valid Accuracy     : 0.9408

Epoch : 8
Train Loss     : 0.0795	 | 	Train Accuracy     : 0.9704
Valid Loss     : 0.1462	 | 	Valid Accuracy     : 0.9520

Epoch : 9
Train Loss     : 0.0813	 | 	Train Accuracy     : 0.9715
Valid Loss     : 0.1562	 | 	Valid Accuracy     : 0.9526

Epoch : 10
Train Loss     : 0.0701	 | 	Train Accuracy     : 0.9756
Valid Loss     : 0.1121	 | 	Valid Accuracy     : 0.9626

Epoch : 11
Train Loss     : 0.0676	 | 	Train Accuracy     : 0.9763
Valid Loss     : 0.0902	 | 	Valid Accuracy     : 0.9693

Epoch : 12
Train Loss     : 0.0657	 | 	Train Accuracy     : 0.9760
Valid Loss     : 0.1914	 | 	Valid Accuracy     : 0.9498

Epoch : 13
Train Loss     : 0.0647	 | 	Train Accuracy     : 0.9763
Valid Loss     : 0.1591	 | 	Valid Accuracy     : 0.9520

Epoch : 14
Train Loss     : 0.0620	 | 	Train Accuracy     : 0.9781
Valid Loss     : 0.1383	 | 	Valid Accuracy     : 0.9559

Epoch : 15
Train Loss     : 0.0597	 | 	Train Accuracy     : 0.9785
Valid Loss     : 0.1319	 | 	Valid Accuracy     : 0.9559

Epoch : 16
Train Loss     : 0.0559	 | 	Train Accuracy     : 0.9811
Valid Loss     : 0.1814	 | 	Valid Accuracy     : 0.9509

Epoch : 17
Train Loss     : 0.0577	 | 	Train Accuracy     : 0.9792
Valid Loss     : 0.0713	 | 	Valid Accuracy     : 0.9754

Epoch : 18
Train Loss     : 0.0544	 | 	Train Accuracy     : 0.9814
Valid Loss     : 0.1004	 | 	Valid Accuracy     : 0.9665

Epoch : 19
Train Loss     : 0.0533	 | 	Train Accuracy     : 0.9805
Valid Loss     : 0.0735	 | 	Valid Accuracy     : 0.9743

Epoch : 20
Train Loss     : 0.0503	 | 	Train Accuracy     : 0.9825
Valid Loss     : 0.0719	 | 	Valid Accuracy     : 0.9732

Epoch : 21
Train Loss     : 0.0480	 | 	Train Accuracy     : 0.9837
Valid Loss     : 0.1392	 | 	Valid Accuracy     : 0.9581

Epoch : 22
Train Loss     : 0.0492	 | 	Train Accuracy     : 0.9808
Valid Loss     : 0.1288	 | 	Valid Accuracy     : 0.9593

Epoch : 23
Train Loss     : 0.0462	 | 	Train Accuracy     : 0.9840
Valid Loss     : 0.0934	 | 	Valid Accuracy     : 0.9688

Epoch : 24
Train Loss     : 0.0436	 | 	Train Accuracy     : 0.9841
Valid Loss     : 0.1045	 | 	Valid Accuracy     : 0.9654

Epoch : 25
Train Loss     : 0.0474	 | 	Train Accuracy     : 0.9840
Valid Loss     : 0.1475	 | 	Valid Accuracy     : 0.9542

Epoch : 26
Train Loss     : 0.0430	 | 	Train Accuracy     : 0.9857
Valid Loss     : 0.0750	 | 	Valid Accuracy     : 0.9721

Epoch : 27
Train Loss     : 0.0411	 | 	Train Accuracy     : 0.9857
Valid Loss     : 0.1054	 | 	Valid Accuracy     : 0.9676

Epoch : 28
Train Loss     : 0.0439	 | 	Train Accuracy     : 0.9849
Valid Loss     : 0.0785	 | 	Valid Accuracy     : 0.9738

Epoch : 29
Train Loss     : 0.0378	 | 	Train Accuracy     : 0.9885
Valid Loss     : 0.0910	 | 	Valid Accuracy     : 0.9704

Epoch : 30
Train Loss     : 0.0354	 | 	Train Accuracy     : 0.9879
Valid Loss     : 0.0930	 | 	Valid Accuracy     : 0.9704

Epoch : 31
Train Loss     : 0.0379	 | 	Train Accuracy     : 0.9867
Valid Loss     : 0.0853	 | 	Valid Accuracy     : 0.9721

Epoch : 32
Train Loss     : 0.0372	 | 	Train Accuracy     : 0.9882
Valid Loss     : 0.0952	 | 	Valid Accuracy     : 0.9699

Epoch : 33
Train Loss     : 0.0353	 | 	Train Accuracy     : 0.9879
Valid Loss     : 0.0848	 | 	Valid Accuracy     : 0.9715

Epoch : 34
Train Loss     : 0.0345	 | 	Train Accuracy     : 0.9885
Valid Loss     : 0.0955	 | 	Valid Accuracy     : 0.9688

Epoch : 35
Train Loss     : 0.0359	 | 	Train Accuracy     : 0.9885
Valid Loss     : 0.0786	 | 	Valid Accuracy     : 0.9727

Epoch : 36
Train Loss     : 0.0362	 | 	Train Accuracy     : 0.9886
Valid Loss     : 0.0865	 | 	Valid Accuracy     : 0.9710

Epoch : 37
Train Loss     : 0.0344	 | 	Train Accuracy     : 0.9907
Valid Loss     : 0.0858	 | 	Valid Accuracy     : 0.9710

Epoch : 38
Train Loss     : 0.0338	 | 	Train Accuracy     : 0.9905
Valid Loss     : 0.0800	 | 	Valid Accuracy     : 0.9715

Epoch : 39
Train Loss     : 0.0352	 | 	Train Accuracy     : 0.9893
Valid Loss     : 0.0855	 | 	Valid Accuracy     : 0.9710

Epoch : 40
Train Loss     : 0.0320	 | 	Train Accuracy     : 0.9893
Valid Loss     : 0.0857	 | 	Valid Accuracy     : 0.9710

Evaluate on the Test set:
Test loss      :0.0896	 | Test Accuracy      : 0.9722

################## Training is Done! #########################
Training time is : 0:00:51.175602
